2024/10/11: 17:0 : error 
2024/10/11: 17:1 : info 
2024/10/11: 17:2 : error 
2024/10/11: 17:3 : info 
2024/10/11: 17:4 : error 
2024/10/11: 17:5 : info 
2024/10/11: 17:6 : error 
2024/10/11: 17:7 : info 
2024/10/11: 17:8 : error 
2024/10/11: 17:9 : info 
2024/10/11: 17:10 : error 
2024/10/11: 17:11 : info 
2024/10/11: 17:12 : error 
2024/10/11: 17:13 : info 
2024/10/11: 17:14 : error 
2024/10/11: 17:15 : info 
2024/10/11: 17:16 : error 
2024/10/11: 17:17 : info 
2024/10/11: 17:18 : error 
2024/10/11: 17:19 : info 
2024/10/11: 17:20 : error 
2024/10/11: 17:21 : info 
2024/10/11: 17:22 : error 
2024/10/11: 17:23 : info 
2024/10/11: 17:24 : error 
2024/10/11: 17:25 : info 
2024/10/11: 17:26 : error 
2024/10/11: 17:27 : info 
2024/10/11: 17:28 : error 
2024/10/11: 17:29 : info 
2024/10/11: 17:30 : error 
2024/10/11: 17:31 : info 
2024/10/11: 17:32 : error 
2024/10/11: 17:33 : info 
2024/10/11: 17:34 : error 
2024/10/11: 17:35 : info 
2024/10/11: 17:36 : error 
2024/10/11: 17:37 : info 
2024/10/11: 17:38 : error 
2024/10/11: 17:39 : info 
2024/10/11: 17:40 : error 
2024/10/11: 17:41 : info 
2024/10/11: 17:42 : error 
2024/10/11: 17:43 : info 
2024/10/11: 17:44 : error 
2024/10/11: 17:45 : info 
2024/10/11: 17:46 : error 
2024/10/11: 17:47 : info 
2024/10/11: 17:48 : error 
2024/10/11: 17:49 : info 
